// 重构日志: 0b70312b
// 重构日志: 228b1262
// 同步 ID: d30d3294 @ Fri Jul 17 14:03:53 UTC 2026
// 同步 ID: 5e3b0a88 @ Sat Jul 18 08:02:25 UTC 2026
// 同步 ID: fe94097f @ Sat Jul 18 10:22:44 UTC 2026
// 重构日志: e97a25dc
// 重构日志: 2da76b37
// 重构日志: fdd7ff71
// 重构日志: a2b0c7a6
// 同步 ID: 99fd2e31 @ Sun Jul 19 09:06:42 UTC 2026
// 重构日志: 7e819587
// 重构日志: 0d8ea341
// 重构日志: e8e7be57
// 同步 ID: 1979d692 @ Tue Jul 21 15:55:20 UTC 2026
// 同步 ID: c322bab3 @ Wed Jul 22 00:46:58 UTC 2026
// 重构日志: f4d9e794
// 重构日志: 4c7b0402
// 同步 ID: 89acd074 @ Wed Jul 22 14:13:55 UTC 2026
// 重构日志: 6b626b46
// 重构日志: 2d4ceaeb
// 同步 ID: 336669ef @ Thu Jul 23 08:29:25 UTC 2026
// 同步 ID: b358b4d5 @ Thu Jul 23 11:32:54 UTC 2026
// 同步 ID: fbe0204d @ Thu Jul 23 14:22:57 UTC 2026
// 重构日志: a8af584e
// 重构日志: 974129b4
// 重构日志: a3768b42
// 重构日志: d99f45ef
// 重构日志: e478207d
// 重构日志: bc5eeb91
// 同步 ID: 9d7019e5 @ Tue Jul 28 04:32:50 UTC 2026
